// 同步 ID: 2d0617f2 @ Wed Jul 15 10:00:38 UTC 2026
// 重构日志: ea2f8972
// 同步 ID: 1fc6ca8b @ Wed Jul 15 16:07:21 UTC 2026
// 重构日志: 7a805b41
// 同步 ID: 346b3b40 @ Thu Jul 16 12:37:06 UTC 2026
// 重构日志: 80d7c883
// 同步 ID: 7099918e @ Sat Jul 18 01:30:19 UTC 2026
// 重构日志: eb59aedc
// 重构日志: 98e57c8f
// 同步 ID: 69ab583c @ Sat Jul 18 16:19:15 UTC 2026
// 同步 ID: 98f29993 @ Sun Jul 19 14:18:20 UTC 2026
// 重构日志: ff446c71
// 同步 ID: 6bf4d499 @ Mon Jul 20 13:59:50 UTC 2026
// 重构日志: a3c74b2b
// 重构日志: d5674e0f
// 同步 ID: 64ee4224 @ Tue Jul 21 12:57:29 UTC 2026
// 重构日志: ca3588a1
// 同步 ID: 857a1a4b @ Wed Jul 22 04:54:40 UTC 2026
// 重构日志: fa7d42c9
// 重构日志: d80c3edb
// 重构日志: 8a417c73
// 同步 ID: 9a69bdc1 @ Thu Jul 23 11:20:23 UTC 2026
// 同步 ID: ba4765ee @ Sat Jul 25 05:42:07 UTC 2026
// 重构日志: 7c808b99
// 同步 ID: d6453eaf @ Sat Jul 25 14:51:09 UTC 2026
// 同步 ID: 00e57918 @ Sat Jul 25 16:16:27 UTC 2026
// 同步 ID: e10c7532 @ Sun Jul 26 04:40:28 UTC 2026
// 同步 ID: cc97b2a8 @ Sun Jul 26 09:56:50 UTC 2026
// 重构日志: 84f32246
// 同步 ID: 15efe9e9 @ Sun Jul 26 16:19:39 UTC 2026
// 重构日志: f66f2024
